[debug] [2026-02-25T13:05:09.441Z] ----------------------------------------------------------------------
[debug] [2026-02-25T13:05:09.443Z] Command:       /usr/local/bin/node /Users/lucianomartinlopez/.npm-global/bin/firebase projects:list
[debug] [2026-02-25T13:05:09.443Z] CLI Version:   14.24.2
[debug] [2026-02-25T13:05:09.443Z] Platform:      darwin
[debug] [2026-02-25T13:05:09.443Z] Node Version:  v20.14.0
[debug] [2026-02-25T13:05:09.443Z] Time:          Wed Feb 25 2026 10:05:09 GMT-0300 (Argentina Standard Time)
[debug] [2026-02-25T13:05:09.443Z] ----------------------------------------------------------------------
[debug] 
[debug] [2026-02-25T13:05:09.445Z] >>> [apiv2][query] GET https://firebase-public.firebaseio.com/cli.json [none]
[debug] [2026-02-25T13:05:09.617Z] > command requires scopes: ["email","openid","https://www.googleapis.com/auth/cloudplatformprojects.readonly","https://www.googleapis.com/auth/firebase","https://www.googleapis.com/auth/cloud-platform"]
[debug] [2026-02-25T13:05:09.617Z] > authorizing via signed-in user (lopezlucianomartin@gmail.com)
[debug] [2026-02-25T13:05:09.619Z] Checked if tokens are valid: false, expires at: 1764979144671
[debug] [2026-02-25T13:05:09.619Z] Checked if tokens are valid: false, expires at: 1764979144671
[debug] [2026-02-25T13:05:09.619Z] > refreshing access token with scopes: []
[debug] [2026-02-25T13:05:09.620Z] >>> [apiv2][query] POST https://www.googleapis.com/oauth2/v3/token [none]
[debug] [2026-02-25T13:05:09.620Z] >>> [apiv2][body] POST https://www.googleapis.com/oauth2/v3/token [omitted]
[debug] [2026-02-25T13:05:09.784Z] <<< [apiv2][status] POST https://www.googleapis.com/oauth2/v3/token 400
[debug] [2026-02-25T13:05:09.784Z] <<< [apiv2][body] POST https://www.googleapis.com/oauth2/v3/token [omitted]
[debug] [2026-02-25T13:05:09.785Z] >>> [apiv2][query] GET https://firebase.googleapis.com/v1beta1/projects pageSize=1000
[debug] [2026-02-25T13:05:09.959Z] <<< [apiv2][status] GET https://firebase.googleapis.com/v1beta1/projects 401
[debug] [2026-02-25T13:05:09.959Z] <<< [apiv2][body] GET https://firebase.googleapis.com/v1beta1/projects [omitted]
[debug] [2026-02-25T13:05:09.959Z] Got a 401 Unauthenticated error for a call that required authentication. Refreshing tokens.
[debug] [2026-02-25T13:05:09.959Z] Checked if tokens are valid: false, expires at: 1764979144671
[debug] [2026-02-25T13:05:09.959Z] Checked if tokens are valid: false, expires at: 1764979144671
[debug] [2026-02-25T13:05:09.959Z] > refreshing access token with scopes: []
[debug] [2026-02-25T13:05:09.959Z] >>> [apiv2][query] POST https://www.googleapis.com/oauth2/v3/token [none]
[debug] [2026-02-25T13:05:09.959Z] >>> [apiv2][body] POST https://www.googleapis.com/oauth2/v3/token [omitted]
[debug] [2026-02-25T13:05:09.991Z] <<< [apiv2][status] GET https://firebase-public.firebaseio.com/cli.json 200
[debug] [2026-02-25T13:05:09.992Z] <<< [apiv2][body] GET https://firebase-public.firebaseio.com/cli.json {"cloudBuildErrorAfter":1594252800000,"cloudBuildWarnAfter":1590019200000,"defaultNode10After":1594252800000,"minVersion":"3.0.5","node8DeploysDisabledAfter":1613390400000,"node8RuntimeDisabledAfter":1615809600000,"node8WarnAfter":1600128000000}
[debug] [2026-02-25T13:05:10.017Z] <<< [apiv2][status] POST https://www.googleapis.com/oauth2/v3/token 400
[debug] [2026-02-25T13:05:10.017Z] <<< [apiv2][body] POST https://www.googleapis.com/oauth2/v3/token [omitted]
[debug] [2026-02-25T13:05:10.017Z] Request to https://firebase.googleapis.com/v1beta1/projects?pageSize=1000 had HTTP Error: 401, Request had invalid authentication credentials. Expected OAuth 2 access token, login cookie or other valid authentication credential. See https://developers.google.com/identity/sign-in/web/devconsole-project.
[debug] [2026-02-25T13:05:10.170Z] FirebaseError: Request to https://firebase.googleapis.com/v1beta1/projects?pageSize=1000 had HTTP Error: 401, Request had invalid authentication credentials. Expected OAuth 2 access token, login cookie or other valid authentication credential. See https://developers.google.com/identity/sign-in/web/devconsole-project.
    at responseToError (/Users/lucianomartinlopez/.npm-global/lib/node_modules/firebase-tools/lib/responseToError.js:53:12)
    at RetryOperation._fn (/Users/lucianomartinlopez/.npm-global/lib/node_modules/firebase-tools/lib/apiv2.js:322:77)
    at process.processTicksAndRejections (node:internal/process/task_queues:95:5)
[error] 
[error] Error: Failed to list Firebase projects. See firebase-debug.log for more info.
